// Jest Snapshot v1, https://goo.gl/fbAQLP

exports[`Test MovieCard 1`] = `
<article
  className="small-movie-card catalog__movies-card"
>
  <button
    className="small-movie-card__play-btn"
    type="button"
  >
    Play
  </button>
  <div
    className="small-movie-card__image"
  >
    <img
      alt="Macbeth"
      height="175"
      src="img/macbeth.jpg"
      width="280"
    />
  </div>
  <h3
    className="small-movie-card__title"
  >
    <a
      className="small-movie-card__link"
      href="movie-page.html"
    >
      0
    </a>
  </h3>
</article>
`;
